// Jest Snapshot v1, https://goo.gl/fbAQLP

exports[`PhotList component matches snapshot DOM node structure 1`] = `
<DocumentFragment>
  <div
    class="flex-row"
  />
</DocumentFragment>
`;
